// Jest Snapshot v1, https://goo.gl/fbAQLP

exports[`<AddCart /> renders and matches the snapshot 1`] = `
<button
  disabled={false}
  onClick={[Function]}
>
  Add
   To Cart Â  ðŸ›’
</button>
`;
