// Jest Snapshot v1, https://goo.gl/fbAQLP

exports[`<RemoveCartitem /> renders and matches snapshot 1`] = `
<button
  className="RemoveCartitem__BigButton-sc-6j799l-0 dZPHei"
  onClick={[Function]}
  title="Delete Item"
>
  Ã—
</button>
`;
